import _frozen_importlib # frozen
import _imp # builtin
import '_thread' # <class '_frozen_importlib.BuiltinImporter'>
import '_warnings' # <class '_frozen_importlib.BuiltinImporter'>
import '_weakref' # <class '_frozen_importlib.BuiltinImporter'>
import '_io' # <class '_frozen_importlib.BuiltinImporter'>
import 'marshal' # <class '_frozen_importlib.BuiltinImporter'>
import 'posix' # <class '_frozen_importlib.BuiltinImporter'>
import '_frozen_importlib_external' # <class '_frozen_importlib.FrozenImporter'>
# installing zipimport hook
import 'time' # <class '_frozen_importlib.BuiltinImporter'>
import 'zipimport' # <class '_frozen_importlib.FrozenImporter'>
# installed zipimport hook
# /opt/homebrew/Cellar/python@3.10/3.10.16/Frameworks/Python.framework/Versions/3.10/lib/python3.10/encodings/__pycache__/__init__.cpython-310.pyc matches /opt/homebrew/Cellar/python@3.10/3.10.16/Frameworks/Python.framework/Versions/3.10/lib/python3.10/encodings/__init__.py
# code object from '/opt/homebrew/Cellar/python@3.10/3.10.16/Frameworks/Python.framework/Versions/3.10/lib/python3.10/encodings/__pycache__/__init__.cpython-310.pyc'
# /opt/homebrew/Cellar/python@3.10/3.10.16/Frameworks/Python.framework/Versions/3.10/lib/python3.10/__pycache__/codecs.cpython-310.pyc matches /opt/homebrew/Cellar/python@3.10/3.10.16/Frameworks/Python.framework/Versions/3.10/lib/python3.10/codecs.py
# code object from '/opt/homebrew/Cellar/python@3.10/3.10.16/Frameworks/Python.framework/Versions/3.10/lib/python3.10/__pycache__/codecs.cpython-310.pyc'
import '_codecs' # <class '_frozen_importlib.BuiltinImporter'>
import 'codecs' # <_frozen_importlib_external.SourceFileLoader object at 0x1043cf460>
# /opt/homebrew/Cellar/python@3.10/3.10.16/Frameworks/Python.framework/Versions/3.10/lib/python3.10/encodings/__pycache__/aliases.cpython-310.pyc matches /opt/homebrew/Cellar/python@3.10/3.10.16/Frameworks/Python.framework/Versions/3.10/lib/python3.10/encodings/aliases.py
# code object from '/opt/homebrew/Cellar/python@3.10/3.10.16/Frameworks/Python.framework/Versions/3.10/lib/python3.10/encodings/__pycache__/aliases.cpython-310.pyc'
import 'encodings.aliases' # <_frozen_importlib_external.SourceFileLoader object at 0x104424a30>
import 'encodings' # <_frozen_importlib_external.SourceFileLoader object at 0x1043cf2e0>
# /opt/homebrew/Cellar/python@3.10/3.10.16/Frameworks/Python.framework/Versions/3.10/lib/python3.10/encodings/__pycache__/utf_8.cpython-310.pyc matches /opt/homebrew/Cellar/python@3.10/3.10.16/Frameworks/Python.framework/Versions/3.10/lib/python3.10/encodings/utf_8.py
# code object from '/opt/homebrew/Cellar/python@3.10/3.10.16/Frameworks/Python.framework/Versions/3.10/lib/python3.10/encodings/__pycache__/utf_8.cpython-310.pyc'
import 'encodings.utf_8' # <_frozen_importlib_external.SourceFileLoader object at 0x1043cf1c0>
import '_signal' # <class '_frozen_importlib.BuiltinImporter'>
# /opt/homebrew/Cellar/python@3.10/3.10.16/Frameworks/Python.framework/Versions/3.10/lib/python3.10/__pycache__/io.cpython-310.pyc matches /opt/homebrew/Cellar/python@3.10/3.10.16/Frameworks/Python.framework/Versions/3.10/lib/python3.10/io.py
# code object from '/opt/homebrew/Cellar/python@3.10/3.10.16/Frameworks/Python.framework/Versions/3.10/lib/python3.10/__pycache__/io.cpython-310.pyc'
# /opt/homebrew/Cellar/python@3.10/3.10.16/Frameworks/Python.framework/Versions/3.10/lib/python3.10/__pycache__/abc.cpython-310.pyc matches /opt/homebrew/Cellar/python@3.10/3.10.16/Frameworks/Python.framework/Versions/3.10/lib/python3.10/abc.py
# code object from '/opt/homebrew/Cellar/python@3.10/3.10.16/Frameworks/Python.framework/Versions/3.10/lib/python3.10/__pycache__/abc.cpython-310.pyc'
import '_abc' # <class '_frozen_importlib.BuiltinImporter'>
import 'abc' # <_frozen_importlib_external.SourceFileLoader object at 0x104424d60>
import 'io' # <_frozen_importlib_external.SourceFileLoader object at 0x104424b50>
# /opt/homebrew/Cellar/python@3.10/3.10.16/Frameworks/Python.framework/Versions/3.10/lib/python3.10/__pycache__/site.cpython-310.pyc matches /opt/homebrew/Cellar/python@3.10/3.10.16/Frameworks/Python.framework/Versions/3.10/lib/python3.10/site.py
# code object from '/opt/homebrew/Cellar/python@3.10/3.10.16/Frameworks/Python.framework/Versions/3.10/lib/python3.10/__pycache__/site.cpython-310.pyc'
# /opt/homebrew/Cellar/python@3.10/3.10.16/Frameworks/Python.framework/Versions/3.10/lib/python3.10/__pycache__/os.cpython-310.pyc matches /opt/homebrew/Cellar/python@3.10/3.10.16/Frameworks/Python.framework/Versions/3.10/lib/python3.10/os.py
# code object from '/opt/homebrew/Cellar/python@3.10/3.10.16/Frameworks/Python.framework/Versions/3.10/lib/python3.10/__pycache__/os.cpython-310.pyc'
# /opt/homebrew/Cellar/python@3.10/3.10.16/Frameworks/Python.framework/Versions/3.10/lib/python3.10/__pycache__/stat.cpython-310.pyc matches /opt/homebrew/Cellar/python@3.10/3.10.16/Frameworks/Python.framework/Versions/3.10/lib/python3.10/stat.py
# code object from '/opt/homebrew/Cellar/python@3.10/3.10.16/Frameworks/Python.framework/Versions/3.10/lib/python3.10/__pycache__/stat.cpython-310.pyc'
import '_stat' # <class '_frozen_importlib.BuiltinImporter'>
import 'stat' # <_frozen_importlib_external.SourceFileLoader object at 0x104426f20>
# /opt/homebrew/Cellar/python@3.10/3.10.16/Frameworks/Python.framework/Versions/3.10/lib/python3.10/__pycache__/_collections_abc.cpython-310.pyc matches /opt/homebrew/Cellar/python@3.10/3.10.16/Frameworks/Python.framework/Versions/3.10/lib/python3.10/_collections_abc.py
# code object from '/opt/homebrew/Cellar/python@3.10/3.10.16/Frameworks/Python.framework/Versions/3.10/lib/python3.10/__pycache__/_collections_abc.cpython-310.pyc'
import '_collections_abc' # <_frozen_importlib_external.SourceFileLoader object at 0x104427280>
# /opt/homebrew/Cellar/python@3.10/3.10.16/Frameworks/Python.framework/Versions/3.10/lib/python3.10/__pycache__/posixpath.cpython-310.pyc matches /opt/homebrew/Cellar/python@3.10/3.10.16/Frameworks/Python.framework/Versions/3.10/lib/python3.10/posixpath.py
# code object from '/opt/homebrew/Cellar/python@3.10/3.10.16/Frameworks/Python.framework/Versions/3.10/lib/python3.10/__pycache__/posixpath.cpython-310.pyc'
# /opt/homebrew/Cellar/python@3.10/3.10.16/Frameworks/Python.framework/Versions/3.10/lib/python3.10/__pycache__/genericpath.cpython-310.pyc matches /opt/homebrew/Cellar/python@3.10/3.10.16/Frameworks/Python.framework/Versions/3.10/lib/python3.10/genericpath.py
# code object from '/opt/homebrew/Cellar/python@3.10/3.10.16/Frameworks/Python.framework/Versions/3.10/lib/python3.10/__pycache__/genericpath.cpython-310.pyc'
import 'genericpath' # <_frozen_importlib_external.SourceFileLoader object at 0x10445dab0>
import 'posixpath' # <_frozen_importlib_external.SourceFileLoader object at 0x104427310>
import 'os' # <_frozen_importlib_external.SourceFileLoader object at 0x104425b40>
# /opt/homebrew/Cellar/python@3.10/3.10.16/Frameworks/Python.framework/Versions/3.10/lib/python3.10/__pycache__/_sitebuiltins.cpython-310.pyc matches /opt/homebrew/Cellar/python@3.10/3.10.16/Frameworks/Python.framework/Versions/3.10/lib/python3.10/_sitebuiltins.py
# code object from '/opt/homebrew/Cellar/python@3.10/3.10.16/Frameworks/Python.framework/Versions/3.10/lib/python3.10/__pycache__/_sitebuiltins.cpython-310.pyc'
import '_sitebuiltins' # <_frozen_importlib_external.SourceFileLoader object at 0x104426c20>
Processing global site-packages
Adding directory: '/Users/laiminhan/Desktop/FYP/AIDE/aide_env/lib/python3.10/site-packages'
Processing .pth file: '/Users/laiminhan/Desktop/FYP/AIDE/aide_env/lib/python3.10/site-packages/__editable__.veritas_sentinel_backend-0.1.0.pth'
# /Users/laiminhan/Desktop/FYP/AIDE/aide_env/lib/python3.10/site-packages/__pycache__/__editable___veritas_sentinel_backend_0_1_0_finder.cpython-310.pyc matches /Users/laiminhan/Desktop/FYP/AIDE/aide_env/lib/python3.10/site-packages/__editable___veritas_sentinel_backend_0_1_0_finder.py
# code object from '/Users/laiminhan/Desktop/FYP/AIDE/aide_env/lib/python3.10/site-packages/__pycache__/__editable___veritas_sentinel_backend_0_1_0_finder.cpython-310.pyc'
# /opt/homebrew/Cellar/python@3.10/3.10.16/Frameworks/Python.framework/Versions/3.10/lib/python3.10/__pycache__/__future__.cpython-310.pyc matches /opt/homebrew/Cellar/python@3.10/3.10.16/Frameworks/Python.framework/Versions/3.10/lib/python3.10/__future__.py
# code object from '/opt/homebrew/Cellar/python@3.10/3.10.16/Frameworks/Python.framework/Versions/3.10/lib/python3.10/__pycache__/__future__.cpython-310.pyc'
import '__future__' # <_frozen_importlib_external.SourceFileLoader object at 0x10445e8c0>
# /opt/homebrew/Cellar/python@3.10/3.10.16/Frameworks/Python.framework/Versions/3.10/lib/python3.10/importlib/__pycache__/__init__.cpython-310.pyc matches /opt/homebrew/Cellar/python@3.10/3.10.16/Frameworks/Python.framework/Versions/3.10/lib/python3.10/importlib/__init__.py
# code object from '/opt/homebrew/Cellar/python@3.10/3.10.16/Frameworks/Python.framework/Versions/3.10/lib/python3.10/importlib/__pycache__/__init__.cpython-310.pyc'
# /opt/homebrew/Cellar/python@3.10/3.10.16/Frameworks/Python.framework/Versions/3.10/lib/python3.10/__pycache__/warnings.cpython-310.pyc matches /opt/homebrew/Cellar/python@3.10/3.10.16/Frameworks/Python.framework/Versions/3.10/lib/python3.10/warnings.py
# code object from '/opt/homebrew/Cellar/python@3.10/3.10.16/Frameworks/Python.framework/Versions/3.10/lib/python3.10/__pycache__/warnings.cpython-310.pyc'
import 'warnings' # <_frozen_importlib_external.SourceFileLoader object at 0x10445f310>
import 'importlib' # <_frozen_importlib_external.SourceFileLoader object at 0x10445f010>
# /opt/homebrew/Cellar/python@3.10/3.10.16/Frameworks/Python.framework/Versions/3.10/lib/python3.10/importlib/__pycache__/machinery.cpython-310.pyc matches /opt/homebrew/Cellar/python@3.10/3.10.16/Frameworks/Python.framework/Versions/3.10/lib/python3.10/importlib/machinery.py
# code object from '/opt/homebrew/Cellar/python@3.10/3.10.16/Frameworks/Python.framework/Versions/3.10/lib/python3.10/importlib/__pycache__/machinery.cpython-310.pyc'
import 'importlib.machinery' # <_frozen_importlib_external.SourceFileLoader object at 0x10445f6a0>
# /opt/homebrew/Cellar/python@3.10/3.10.16/Frameworks/Python.framework/Versions/3.10/lib/python3.10/importlib/__pycache__/util.cpython-310.pyc matches /opt/homebrew/Cellar/python@3.10/3.10.16/Frameworks/Python.framework/Versions/3.10/lib/python3.10/importlib/util.py
# code object from '/opt/homebrew/Cellar/python@3.10/3.10.16/Frameworks/Python.framework/Versions/3.10/lib/python3.10/importlib/__pycache__/util.cpython-310.pyc'
# /opt/homebrew/Cellar/python@3.10/3.10.16/Frameworks/Python.framework/Versions/3.10/lib/python3.10/importlib/__pycache__/_abc.cpython-310.pyc matches /opt/homebrew/Cellar/python@3.10/3.10.16/Frameworks/Python.framework/Versions/3.10/lib/python3.10/importlib/_abc.py
# code object from '/opt/homebrew/Cellar/python@3.10/3.10.16/Frameworks/Python.framework/Versions/3.10/lib/python3.10/importlib/__pycache__/_abc.cpython-310.pyc'
import 'importlib._abc' # <_frozen_importlib_external.SourceFileLoader object at 0x10445ff40>
# /opt/homebrew/Cellar/python@3.10/3.10.16/Frameworks/Python.framework/Versions/3.10/lib/python3.10/__pycache__/contextlib.cpython-310.pyc matches /opt/homebrew/Cellar/python@3.10/3.10.16/Frameworks/Python.framework/Versions/3.10/lib/python3.10/contextlib.py
# code object from '/opt/homebrew/Cellar/python@3.10/3.10.16/Frameworks/Python.framework/Versions/3.10/lib/python3.10/__pycache__/contextlib.cpython-310.pyc'
# /opt/homebrew/Cellar/python@3.10/3.10.16/Frameworks/Python.framework/Versions/3.10/lib/python3.10/collections/__pycache__/__init__.cpython-310.pyc matches /opt/homebrew/Cellar/python@3.10/3.10.16/Frameworks/Python.framework/Versions/3.10/lib/python3.10/collections/__init__.py
# code object from '/opt/homebrew/Cellar/python@3.10/3.10.16/Frameworks/Python.framework/Versions/3.10/lib/python3.10/collections/__pycache__/__init__.cpython-310.pyc'
import 'itertools' # <class '_frozen_importlib.BuiltinImporter'>
# /opt/homebrew/Cellar/python@3.10/3.10.16/Frameworks/Python.framework/Versions/3.10/lib/python3.10/__pycache__/keyword.cpython-310.pyc matches /opt/homebrew/Cellar/python@3.10/3.10.16/Frameworks/Python.framework/Versions/3.10/lib/python3.10/keyword.py
# code object from '/opt/homebrew/Cellar/python@3.10/3.10.16/Frameworks/Python.framework/Versions/3.10/lib/python3.10/__pycache__/keyword.cpython-310.pyc'
import 'keyword' # <_frozen_importlib_external.SourceFileLoader object at 0x1044b7760>
# /opt/homebrew/Cellar/python@3.10/3.10.16/Frameworks/Python.framework/Versions/3.10/lib/python3.10/__pycache__/operator.cpython-310.pyc matches /opt/homebrew/Cellar/python@3.10/3.10.16/Frameworks/Python.framework/Versions/3.10/lib/python3.10/operator.py
# code object from '/opt/homebrew/Cellar/python@3.10/3.10.16/Frameworks/Python.framework/Versions/3.10/lib/python3.10/__pycache__/operator.cpython-310.pyc'
import '_operator' # <class '_frozen_importlib.BuiltinImporter'>
import 'operator' # <_frozen_importlib_external.SourceFileLoader object at 0x1044b7820>
# /opt/homebrew/Cellar/python@3.10/3.10.16/Frameworks/Python.framework/Versions/3.10/lib/python3.10/__pycache__/reprlib.cpython-310.pyc matches /opt/homebrew/Cellar/python@3.10/3.10.16/Frameworks/Python.framework/Versions/3.10/lib/python3.10/reprlib.py
# code object from '/opt/homebrew/Cellar/python@3.10/3.10.16/Frameworks/Python.framework/Versions/3.10/lib/python3.10/__pycache__/reprlib.cpython-310.pyc'
import 'reprlib' # <_frozen_importlib_external.SourceFileLoader object at 0x1044b7a30>
import '_collections' # <class '_frozen_importlib.BuiltinImporter'>
import 'collections' # <_frozen_importlib_external.SourceFileLoader object at 0x1044b5390>
# /opt/homebrew/Cellar/python@3.10/3.10.16/Frameworks/Python.framework/Versions/3.10/lib/python3.10/__pycache__/functools.cpython-310.pyc matches /opt/homebrew/Cellar/python@3.10/3.10.16/Frameworks/Python.framework/Versions/3.10/lib/python3.10/functools.py
# code object from '/opt/homebrew/Cellar/python@3.10/3.10.16/Frameworks/Python.framework/Versions/3.10/lib/python3.10/__pycache__/functools.cpython-310.pyc'
# /opt/homebrew/Cellar/python@3.10/3.10.16/Frameworks/Python.framework/Versions/3.10/lib/python3.10/__pycache__/types.cpython-310.pyc matches /opt/homebrew/Cellar/python@3.10/3.10.16/Frameworks/Python.framework/Versions/3.10/lib/python3.10/types.py
# code object from '/opt/homebrew/Cellar/python@3.10/3.10.16/Frameworks/Python.framework/Versions/3.10/lib/python3.10/__pycache__/types.cpython-310.pyc'
import 'types' # <_frozen_importlib_external.SourceFileLoader object at 0x1044e53c0>
import '_functools' # <class '_frozen_importlib.BuiltinImporter'>
import 'functools' # <_frozen_importlib_external.SourceFileLoader object at 0x1044e4760>
import 'contextlib' # <_frozen_importlib_external.SourceFileLoader object at 0x1044b4190>
import 'importlib.util' # <_frozen_importlib_external.SourceFileLoader object at 0x10445f910>
# /opt/homebrew/Cellar/python@3.10/3.10.16/Frameworks/Python.framework/Versions/3.10/lib/python3.10/__pycache__/pathlib.cpython-310.pyc matches /opt/homebrew/Cellar/python@3.10/3.10.16/Frameworks/Python.framework/Versions/3.10/lib/python3.10/pathlib.py
# code object from '/opt/homebrew/Cellar/python@3.10/3.10.16/Frameworks/Python.framework/Versions/3.10/lib/python3.10/__pycache__/pathlib.cpython-310.pyc'
# /opt/homebrew/Cellar/python@3.10/3.10.16/Frameworks/Python.framework/Versions/3.10/lib/python3.10/__pycache__/fnmatch.cpython-310.pyc matches /opt/homebrew/Cellar/python@3.10/3.10.16/Frameworks/Python.framework/Versions/3.10/lib/python3.10/fnmatch.py
# code object from '/opt/homebrew/Cellar/python@3.10/3.10.16/Frameworks/Python.framework/Versions/3.10/lib/python3.10/__pycache__/fnmatch.cpython-310.pyc'
# /opt/homebrew/Cellar/python@3.10/3.10.16/Frameworks/Python.framework/Versions/3.10/lib/python3.10/__pycache__/re.cpython-310.pyc matches /opt/homebrew/Cellar/python@3.10/3.10.16/Frameworks/Python.framework/Versions/3.10/lib/python3.10/re.py
# code object from '/opt/homebrew/Cellar/python@3.10/3.10.16/Frameworks/Python.framework/Versions/3.10/lib/python3.10/__pycache__/re.cpython-310.pyc'
# /opt/homebrew/Cellar/python@3.10/3.10.16/Frameworks/Python.framework/Versions/3.10/lib/python3.10/__pycache__/enum.cpython-310.pyc matches /opt/homebrew/Cellar/python@3.10/3.10.16/Frameworks/Python.framework/Versions/3.10/lib/python3.10/enum.py
# code object from '/opt/homebrew/Cellar/python@3.10/3.10.16/Frameworks/Python.framework/Versions/3.10/lib/python3.10/__pycache__/enum.cpython-310.pyc'
import 'enum' # <_frozen_importlib_external.SourceFileLoader object at 0x1044e7d90>
# /opt/homebrew/Cellar/python@3.10/3.10.16/Frameworks/Python.framework/Versions/3.10/lib/python3.10/__pycache__/sre_compile.cpython-310.pyc matches /opt/homebrew/Cellar/python@3.10/3.10.16/Frameworks/Python.framework/Versions/3.10/lib/python3.10/sre_compile.py
# code object from '/opt/homebrew/Cellar/python@3.10/3.10.16/Frameworks/Python.framework/Versions/3.10/lib/python3.10/__pycache__/sre_compile.cpython-310.pyc'
import '_sre' # <class '_frozen_importlib.BuiltinImporter'>
# /opt/homebrew/Cellar/python@3.10/3.10.16/Frameworks/Python.framework/Versions/3.10/lib/python3.10/__pycache__/sre_parse.cpython-310.pyc matches /opt/homebrew/Cellar/python@3.10/3.10.16/Frameworks/Python.framework/Versions/3.10/lib/python3.10/sre_parse.py
# code object from '/opt/homebrew/Cellar/python@3.10/3.10.16/Frameworks/Python.framework/Versions/3.10/lib/python3.10/__pycache__/sre_parse.cpython-310.pyc'
# /opt/homebrew/Cellar/python@3.10/3.10.16/Frameworks/Python.framework/Versions/3.10/lib/python3.10/__pycache__/sre_constants.cpython-310.pyc matches /opt/homebrew/Cellar/python@3.10/3.10.16/Frameworks/Python.framework/Versions/3.10/lib/python3.10/sre_constants.py
# code object from '/opt/homebrew/Cellar/python@3.10/3.10.16/Frameworks/Python.framework/Versions/3.10/lib/python3.10/__pycache__/sre_constants.cpython-310.pyc'
import 'sre_constants' # <_frozen_importlib_external.SourceFileLoader object at 0x10461e440>
import 'sre_parse' # <_frozen_importlib_external.SourceFileLoader object at 0x10461dc30>
import 'sre_compile' # <_frozen_importlib_external.SourceFileLoader object at 0x10461d360>
import '_locale' # <class '_frozen_importlib.BuiltinImporter'>
# /opt/homebrew/Cellar/python@3.10/3.10.16/Frameworks/Python.framework/Versions/3.10/lib/python3.10/__pycache__/copyreg.cpython-310.pyc matches /opt/homebrew/Cellar/python@3.10/3.10.16/Frameworks/Python.framework/Versions/3.10/lib/python3.10/copyreg.py
# code object from '/opt/homebrew/Cellar/python@3.10/3.10.16/Frameworks/Python.framework/Versions/3.10/lib/python3.10/__pycache__/copyreg.cpython-310.pyc'
import 'copyreg' # <_frozen_importlib_external.SourceFileLoader object at 0x10461ff40>
import 're' # <_frozen_importlib_external.SourceFileLoader object at 0x1044e7520>
import 'fnmatch' # <_frozen_importlib_external.SourceFileLoader object at 0x1044e7220>
# /opt/homebrew/Cellar/python@3.10/3.10.16/Frameworks/Python.framework/Versions/3.10/lib/python3.10/__pycache__/ntpath.cpython-310.pyc matches /opt/homebrew/Cellar/python@3.10/3.10.16/Frameworks/Python.framework/Versions/3.10/lib/python3.10/ntpath.py
# code object from '/opt/homebrew/Cellar/python@3.10/3.10.16/Frameworks/Python.framework/Versions/3.10/lib/python3.10/__pycache__/ntpath.cpython-310.pyc'
import 'ntpath' # <_frozen_importlib_external.SourceFileLoader object at 0x1044e7c10>
import 'errno' # <class '_frozen_importlib.BuiltinImporter'>
# /opt/homebrew/Cellar/python@3.10/3.10.16/Frameworks/Python.framework/Versions/3.10/lib/python3.10/urllib/__pycache__/__init__.cpython-310.pyc matches /opt/homebrew/Cellar/python@3.10/3.10.16/Frameworks/Python.framework/Versions/3.10/lib/python3.10/urllib/__init__.py
# code object from '/opt/homebrew/Cellar/python@3.10/3.10.16/Frameworks/Python.framework/Versions/3.10/lib/python3.10/urllib/__pycache__/__init__.cpython-310.pyc'
import 'urllib' # <_frozen_importlib_external.SourceFileLoader object at 0x104650ac0>
# /opt/homebrew/Cellar/python@3.10/3.10.16/Frameworks/Python.framework/Versions/3.10/lib/python3.10/urllib/__pycache__/parse.cpython-310.pyc matches /opt/homebrew/Cellar/python@3.10/3.10.16/Frameworks/Python.framework/Versions/3.10/lib/python3.10/urllib/parse.py
# code object from '/opt/homebrew/Cellar/python@3.10/3.10.16/Frameworks/Python.framework/Versions/3.10/lib/python3.10/urllib/__pycache__/parse.cpython-310.pyc'
# /opt/homebrew/Cellar/python@3.10/3.10.16/Frameworks/Python.framework/Versions/3.10/lib/python3.10/__pycache__/ipaddress.cpython-310.pyc matches /opt/homebrew/Cellar/python@3.10/3.10.16/Frameworks/Python.framework/Versions/3.10/lib/python3.10/ipaddress.py
# code object from '/opt/homebrew/Cellar/python@3.10/3.10.16/Frameworks/Python.framework/Versions/3.10/lib/python3.10/__pycache__/ipaddress.cpython-310.pyc'
import 'ipaddress' # <_frozen_importlib_external.SourceFileLoader object at 0x104651870>
import 'urllib.parse' # <_frozen_importlib_external.SourceFileLoader object at 0x104650a60>
import 'pathlib' # <_frozen_importlib_external.SourceFileLoader object at 0x1044b49d0>
import '__editable___veritas_sentinel_backend_0_1_0_finder' # <_frozen_importlib_external.SourceFileLoader object at 0x10445dff0>
Processing .pth file: '/Users/laiminhan/Desktop/FYP/AIDE/aide_env/lib/python3.10/site-packages/distutils-precedence.pth'
# /Users/laiminhan/Desktop/FYP/AIDE/aide_env/lib/python3.10/site-packages/_distutils_hack/__pycache__/__init__.cpython-310.pyc matches /Users/laiminhan/Desktop/FYP/AIDE/aide_env/lib/python3.10/site-packages/_distutils_hack/__init__.py
# code object from '/Users/laiminhan/Desktop/FYP/AIDE/aide_env/lib/python3.10/site-packages/_distutils_hack/__pycache__/__init__.cpython-310.pyc'
import '_distutils_hack' # <_frozen_importlib_external.SourceFileLoader object at 0x10468fdc0>
Processing .pth file: '/Users/laiminhan/Desktop/FYP/AIDE/aide_env/lib/python3.10/site-packages/google_cloud_aiplatform-1.149.0-py3.12-nspkg.pth'
# possible namespace for /Users/laiminhan/Desktop/FYP/AIDE/aide_env/lib/python3.10/site-packages/google
# possible namespace for /Users/laiminhan/Desktop/FYP/AIDE/aide_env/lib/python3.10/site-packages/google/cloud
Processing .pth file: '/Users/laiminhan/Desktop/FYP/AIDE/aide_env/lib/python3.10/site-packages/google_generativeai-0.8.6-py3.13-nspkg.pth'
# possible namespace for /Users/laiminhan/Desktop/FYP/AIDE/aide_env/lib/python3.10/site-packages/google
# destroy google
Processing .pth file: '/Users/laiminhan/Desktop/FYP/AIDE/aide_env/lib/python3.10/site-packages/matplotlib-3.7.4-py3.10-nspkg.pth'
# possible namespace for /Users/laiminhan/Desktop/FYP/AIDE/aide_env/lib/python3.10/site-packages/mpl_toolkits
Processing user site-packages
Processing global site-packages
Adding directory: '/Users/laiminhan/Desktop/FYP/AIDE/aide_env/lib/python3.10/site-packages'
Processing .pth file: '/Users/laiminhan/Desktop/FYP/AIDE/aide_env/lib/python3.10/site-packages/__editable__.veritas_sentinel_backend-0.1.0.pth'
Processing .pth file: '/Users/laiminhan/Desktop/FYP/AIDE/aide_env/lib/python3.10/site-packages/distutils-precedence.pth'
Processing .pth file: '/Users/laiminhan/Desktop/FYP/AIDE/aide_env/lib/python3.10/site-packages/google_cloud_aiplatform-1.149.0-py3.12-nspkg.pth'
# possible namespace for /Users/laiminhan/Desktop/FYP/AIDE/aide_env/lib/python3.10/site-packages/google
# destroy google
# possible namespace for /Users/laiminhan/Desktop/FYP/AIDE/aide_env/lib/python3.10/site-packages/google/cloud
# destroy google.cloud
Processing .pth file: '/Users/laiminhan/Desktop/FYP/AIDE/aide_env/lib/python3.10/site-packages/google_generativeai-0.8.6-py3.13-nspkg.pth'
# possible namespace for /Users/laiminhan/Desktop/FYP/AIDE/aide_env/lib/python3.10/site-packages/google
# destroy google
Processing .pth file: '/Users/laiminhan/Desktop/FYP/AIDE/aide_env/lib/python3.10/site-packages/matplotlib-3.7.4-py3.10-nspkg.pth'
# possible namespace for /Users/laiminhan/Desktop/FYP/AIDE/aide_env/lib/python3.10/site-packages/mpl_toolkits
# destroy mpl_toolkits
# /opt/homebrew/Cellar/python@3.10/3.10.16/Frameworks/Python.framework/Versions/3.10/lib/python3.10/__pycache__/sitecustomize.cpython-310.pyc matches /opt/homebrew/Cellar/python@3.10/3.10.16/Frameworks/Python.framework/Versions/3.10/lib/python3.10/sitecustomize.py
# code object from '/opt/homebrew/Cellar/python@3.10/3.10.16/Frameworks/Python.framework/Versions/3.10/lib/python3.10/__pycache__/sitecustomize.cpython-310.pyc'
import 'sitecustomize' # <_frozen_importlib_external.SourceFileLoader object at 0x10468f310>
import 'site' # <_frozen_importlib_external.SourceFileLoader object at 0x104425570>
Python 3.10.16 (main, Dec  3 2024, 17:27:57) [Clang 16.0.0 (clang-1600.0.26.4)] on darwin
Type "help", "copyright", "credits" or "license" for more information.
# /Users/laiminhan/Desktop/FYP/React Project/backend/app/__pycache__/__init__.cpython-310.pyc matches /Users/laiminhan/Desktop/FYP/React Project/backend/app/__init__.py
# code object from '/Users/laiminhan/Desktop/FYP/React Project/backend/app/__pycache__/__init__.cpython-310.pyc'
import 'app' # <_frozen_importlib_external.SourceFileLoader object at 0x1046b04c0>
# /Users/laiminhan/Desktop/FYP/React Project/backend/app/__pycache__/main.cpython-310.pyc matches /Users/laiminhan/Desktop/FYP/React Project/backend/app/main.py
# code object from '/Users/laiminhan/Desktop/FYP/React Project/backend/app/__pycache__/main.cpython-310.pyc'
# /opt/homebrew/Cellar/python@3.10/3.10.16/Frameworks/Python.framework/Versions/3.10/lib/python3.10/logging/__pycache__/__init__.cpython-310.pyc matches /opt/homebrew/Cellar/python@3.10/3.10.16/Frameworks/Python.framework/Versions/3.10/lib/python3.10/logging/__init__.py
# code object from '/opt/homebrew/Cellar/python@3.10/3.10.16/Frameworks/Python.framework/Versions/3.10/lib/python3.10/logging/__pycache__/__init__.cpython-310.pyc'
# /opt/homebrew/Cellar/python@3.10/3.10.16/Frameworks/Python.framework/Versions/3.10/lib/python3.10/__pycache__/traceback.cpython-310.pyc matches /opt/homebrew/Cellar/python@3.10/3.10.16/Frameworks/Python.framework/Versions/3.10/lib/python3.10/traceback.py
# code object from '/opt/homebrew/Cellar/python@3.10/3.10.16/Frameworks/Python.framework/Versions/3.10/lib/python3.10/__pycache__/traceback.cpython-310.pyc'
# /opt/homebrew/Cellar/python@3.10/3.10.16/Frameworks/Python.framework/Versions/3.10/lib/python3.10/__pycache__/linecache.cpython-310.pyc matches /opt/homebrew/Cellar/python@3.10/3.10.16/Frameworks/Python.framework/Versions/3.10/lib/python3.10/linecache.py
# code object from '/opt/homebrew/Cellar/python@3.10/3.10.16/Frameworks/Python.framework/Versions/3.10/lib/python3.10/__pycache__/linecache.cpython-310.pyc'
# /opt/homebrew/Cellar/python@3.10/3.10.16/Frameworks/Python.framework/Versions/3.10/lib/python3.10/__pycache__/tokenize.cpython-310.pyc matches /opt/homebrew/Cellar/python@3.10/3.10.16/Frameworks/Python.framework/Versions/3.10/lib/python3.10/tokenize.py
# code object from '/opt/homebrew/Cellar/python@3.10/3.10.16/Frameworks/Python.framework/Versions/3.10/lib/python3.10/__pycache__/tokenize.cpython-310.pyc'
# /opt/homebrew/Cellar/python@3.10/3.10.16/Frameworks/Python.framework/Versions/3.10/lib/python3.10/__pycache__/token.cpython-310.pyc matches /opt/homebrew/Cellar/python@3.10/3.10.16/Frameworks/Python.framework/Versions/3.10/lib/python3.10/token.py
# code object from '/opt/homebrew/Cellar/python@3.10/3.10.16/Frameworks/Python.framework/Versions/3.10/lib/python3.10/__pycache__/token.cpython-310.pyc'
import 'token' # <_frozen_importlib_external.SourceFileLoader object at 0x1046b3c70>
import 'tokenize' # <_frozen_importlib_external.SourceFileLoader object at 0x1046b2260>
import 'linecache' # <_frozen_importlib_external.SourceFileLoader object at 0x1046b0e20>
import 'traceback' # <_frozen_importlib_external.SourceFileLoader object at 0x1046b2da0>
# /opt/homebrew/Cellar/python@3.10/3.10.16/Frameworks/Python.framework/Versions/3.10/lib/python3.10/__pycache__/weakref.cpython-310.pyc matches /opt/homebrew/Cellar/python@3.10/3.10.16/Frameworks/Python.framework/Versions/3.10/lib/python3.10/weakref.py
# code object from '/opt/homebrew/Cellar/python@3.10/3.10.16/Frameworks/Python.framework/Versions/3.10/lib/python3.10/__pycache__/weakref.cpython-310.pyc'
# /opt/homebrew/Cellar/python@3.10/3.10.16/Frameworks/Python.framework/Versions/3.10/lib/python3.10/__pycache__/_weakrefset.cpython-310.pyc matches /opt/homebrew/Cellar/python@3.10/3.10.16/Frameworks/Python.framework/Versions/3.10/lib/python3.10/_weakrefset.py
# code object from '/opt/homebrew/Cellar/python@3.10/3.10.16/Frameworks/Python.framework/Versions/3.10/lib/python3.10/__pycache__/_weakrefset.cpython-310.pyc'
import '_weakrefset' # <_frozen_importlib_external.SourceFileLoader object at 0x1046f8ee0>
import 'weakref' # <_frozen_importlib_external.SourceFileLoader object at 0x1046b3820>
# /opt/homebrew/Cellar/python@3.10/3.10.16/Frameworks/Python.framework/Versions/3.10/lib/python3.10/collections/__pycache__/abc.cpython-310.pyc matches /opt/homebrew/Cellar/python@3.10/3.10.16/Frameworks/Python.framework/Versions/3.10/lib/python3.10/collections/abc.py
# code object from '/opt/homebrew/Cellar/python@3.10/3.10.16/Frameworks/Python.framework/Versions/3.10/lib/python3.10/collections/__pycache__/abc.cpython-310.pyc'
import 'collections.abc' # <_frozen_importlib_external.SourceFileLoader object at 0x1046f9990>
# /opt/homebrew/Cellar/python@3.10/3.10.16/Frameworks/Python.framework/Versions/3.10/lib/python3.10/__pycache__/string.cpython-310.pyc matches /opt/homebrew/Cellar/python@3.10/3.10.16/Frameworks/Python.framework/Versions/3.10/lib/python3.10/string.py
# code object from '/opt/homebrew/Cellar/python@3.10/3.10.16/Frameworks/Python.framework/Versions/3.10/lib/python3.10/__pycache__/string.cpython-310.pyc'
import '_string' # <class '_frozen_importlib.BuiltinImporter'>
import 'string' # <_frozen_importlib_external.SourceFileLoader object at 0x1046f9a80>
# /opt/homebrew/Cellar/python@3.10/3.10.16/Frameworks/Python.framework/Versions/3.10/lib/python3.10/__pycache__/threading.cpython-310.pyc matches /opt/homebrew/Cellar/python@3.10/3.10.16/Frameworks/Python.framework/Versions/3.10/lib/python3.10/threading.py
# code object from '/opt/homebrew/Cellar/python@3.10/3.10.16/Frameworks/Python.framework/Versions/3.10/lib/python3.10/__pycache__/threading.cpython-310.pyc'
import 'threading' # <_frozen_importlib_external.SourceFileLoader object at 0x1046f9ff0>
import 'atexit' # <class '_frozen_importlib.BuiltinImporter'>
import 'logging' # <_frozen_importlib_external.SourceFileLoader object at 0x1046b2800>
# /Users/laiminhan/Desktop/FYP/AIDE/aide_env/lib/python3.10/site-packages/fastapi/__pycache__/__init__.cpython-310.pyc matches /Users/laiminhan/Desktop/FYP/AIDE/aide_env/lib/python3.10/site-packages/fastapi/__init__.py
# code object from '/Users/laiminhan/Desktop/FYP/AIDE/aide_env/lib/python3.10/site-packages/fastapi/__pycache__/__init__.cpython-310.pyc'
# /Users/laiminhan/Desktop/FYP/AIDE/aide_env/lib/python3.10/site-packages/starlette/__pycache__/__init__.cpython-310.pyc matches /Users/laiminhan/Desktop/FYP/AIDE/aide_env/lib/python3.10/site-packages/starlette/__init__.py
# code object from '/Users/laiminhan/Desktop/FYP/AIDE/aide_env/lib/python3.10/site-packages/starlette/__pycache__/__init__.cpython-310.pyc'
import 'starlette' # <_frozen_importlib_external.SourceFileLoader object at 0x1047441c0>
# /Users/laiminhan/Desktop/FYP/AIDE/aide_env/lib/python3.10/site-packages/starlette/__pycache__/status.cpython-310.pyc matches /Users/laiminhan/Desktop/FYP/AIDE/aide_env/lib/python3.10/site-packages/starlette/status.py
# code object from '/Users/laiminhan/Desktop/FYP/AIDE/aide_env/lib/python3.10/site-packages/starlette/__pycache__/status.cpython-310.pyc'
import 'starlette.status' # <_frozen_importlib_external.SourceFileLoader object at 0x104744370>
# /Users/laiminhan/Desktop/FYP/AIDE/aide_env/lib/python3.10/site-packages/fastapi/__pycache__/applications.cpython-310.pyc matches /Users/laiminhan/Desktop/FYP/AIDE/aide_env/lib/python3.10/site-packages/fastapi/applications.py
# code object from '/Users/laiminhan/Desktop/FYP/AIDE/aide_env/lib/python3.10/site-packages/fastapi/__pycache__/applications.cpython-310.pyc'
# /opt/homebrew/Cellar/python@3.10/3.10.16/Frameworks/Python.framework/Versions/3.10/lib/python3.10/__pycache__/typing.cpython-310.pyc matches /opt/homebrew/Cellar/python@3.10/3.10.16/Frameworks/Python.framework/Versions/3.10/lib/python3.10/typing.py
# code object from '/opt/homebrew/Cellar/python@3.10/3.10.16/Frameworks/Python.framework/Versions/3.10/lib/python3.10/__pycache__/typing.cpython-310.pyc'
import 'typing' # <_frozen_importlib_external.SourceFileLoader object at 0x104744f10>
# /Users/laiminhan/Desktop/FYP/AIDE/aide_env/lib/python3.10/site-packages/annotated_doc/__pycache__/__init__.cpython-310.pyc matches /Users/laiminhan/Desktop/FYP/AIDE/aide_env/lib/python3.10/site-packages/annotated_doc/__init__.py
# code object from '/Users/laiminhan/Desktop/FYP/AIDE/aide_env/lib/python3.10/site-packages/annotated_doc/__pycache__/__init__.cpython-310.pyc'
# /Users/laiminhan/Desktop/FYP/AIDE/aide_env/lib/python3.10/site-packages/annotated_doc/__pycache__/main.cpython-310.pyc matches /Users/laiminhan/Desktop/FYP/AIDE/aide_env/lib/python3.10/site-packages/annotated_doc/main.py
# code object from '/Users/laiminhan/Desktop/FYP/AIDE/aide_env/lib/python3.10/site-packages/annotated_doc/__pycache__/main.cpython-310.pyc'
import 'annotated_doc.main' # <_frozen_importlib_external.SourceFileLoader object at 0x104746e30>
import 'annotated_doc' # <_frozen_importlib_external.SourceFileLoader object at 0x104746140>
# /Users/laiminhan/Desktop/FYP/AIDE/aide_env/lib/python3.10/site-packages/fastapi/__pycache__/routing.cpython-310.pyc matches /Users/laiminhan/Desktop/FYP/AIDE/aide_env/lib/python3.10/site-packages/fastapi/routing.py
# code object from '/Users/laiminhan/Desktop/FYP/AIDE/aide_env/lib/python3.10/site-packages/fastapi/__pycache__/routing.cpython-310.pyc'
# /opt/homebrew/Cellar/python@3.10/3.10.16/Frameworks/Python.framework/Versions/3.10/lib/python3.10/email/__pycache__/__init__.cpython-310.pyc matches /opt/homebrew/Cellar/python@3.10/3.10.16/Frameworks/Python.framework/Versions/3.10/lib/python3.10/email/__init__.py
# code object from '/opt/homebrew/Cellar/python@3.10/3.10.16/Frameworks/Python.framework/Versions/3.10/lib/python3.10/email/__pycache__/__init__.cpython-310.pyc'
import 'email' # <_frozen_importlib_external.SourceFileLoader object at 0x104782c20>
# /opt/homebrew/Cellar/python@3.10/3.10.16/Frameworks/Python.framework/Versions/3.10/lib/python3.10/email/__pycache__/message.cpython-310.pyc matches /opt/homebrew/Cellar/python@3.10/3.10.16/Frameworks/Python.framework/Versions/3.10/lib/python3.10/email/message.py
# code object from '/opt/homebrew/Cellar/python@3.10/3.10.16/Frameworks/Python.framework/Versions/3.10/lib/python3.10/email/__pycache__/message.cpython-310.pyc'
# /opt/homebrew/Cellar/python@3.10/3.10.16/Frameworks/Python.framework/Versions/3.10/lib/python3.10/__pycache__/uu.cpython-310.pyc matches /opt/homebrew/Cellar/python@3.10/3.10.16/Frameworks/Python.framework/Versions/3.10/lib/python3.10/uu.py
# code object from '/opt/homebrew/Cellar/python@3.10/3.10.16/Frameworks/Python.framework/Versions/3.10/lib/python3.10/__pycache__/uu.cpython-310.pyc'
# extension module 'binascii' loaded from '/opt/homebrew/Cellar/python@3.10/3.10.16/Frameworks/Python.framework/Versions/3.10/lib/python3.10/lib-dynload/binascii.cpython-310-darwin.so'
# extension module 'binascii' executed from '/opt/homebrew/Cellar/python@3.10/3.10.16/Frameworks/Python.framework/Versions/3.10/lib/python3.10/lib-dynload/binascii.cpython-310-darwin.so'
import 'binascii' # <_frozen_importlib_external.ExtensionFileLoader object at 0x1047c04c0>
import 'uu' # <_frozen_importlib_external.SourceFileLoader object at 0x1047c0190>
# /opt/homebrew/Cellar/python@3.10/3.10.16/Frameworks/Python.framework/Versions/3.10/lib/python3.10/__pycache__/quopri.cpython-310.pyc matches /opt/homebrew/Cellar/python@3.10/3.10.16/Frameworks/Python.framework/Versions/3.10/lib/python3.10/quopri.py
# code object from '/opt/homebrew/Cellar/python@3.10/3.10.16/Frameworks/Python.framework/Versions/3.10/lib/python3.10/__pycache__/quopri.cpython-310.pyc'
import 'quopri' # <_frozen_importlib_external.SourceFileLoader object at 0x1047c04f0>
# /opt/homebrew/Cellar/python@3.10/3.10.16/Frameworks/Python.framework/Versions/3.10/lib/python3.10/email/__pycache__/utils.cpython-310.pyc matches /opt/homebrew/Cellar/python@3.10/3.10.16/Frameworks/Python.framework/Versions/3.10/lib/python3.10/email/utils.py
# code object from '/opt/homebrew/Cellar/python@3.10/3.10.16/Frameworks/Python.framework/Versions/3.10/lib/python3.10/email/__pycache__/utils.cpython-310.pyc'
# /opt/homebrew/Cellar/python@3.10/3.10.16/Frameworks/Python.framework/Versions/3.10/lib/python3.10/__pycache__/random.cpython-310.pyc matches /opt/homebrew/Cellar/python@3.10/3.10.16/Frameworks/Python.framework/Versions/3.10/lib/python3.10/random.py
# code object from '/opt/homebrew/Cellar/python@3.10/3.10.16/Frameworks/Python.framework/Versions/3.10/lib/python3.10/__pycache__/random.cpython-310.pyc'
# extension module 'math' loaded from '/opt/homebrew/Cellar/python@3.10/3.10.16/Frameworks/Python.framework/Versions/3.10/lib/python3.10/lib-dynload/math.cpython-310-darwin.so'
# extension module 'math' executed from '/opt/homebrew/Cellar/python@3.10/3.10.16/Frameworks/Python.framework/Versions/3.10/lib/python3.10/lib-dynload/math.cpython-310-darwin.so'
import 'math' # <_frozen_importlib_external.ExtensionFileLoader object at 0x1047c1c60>
# /opt/homebrew/Cellar/python@3.10/3.10.16/Frameworks/Python.framework/Versions/3.10/lib/python3.10/__pycache__/bisect.cpython-310.pyc matches /opt/homebrew/Cellar/python@3.10/3.10.16/Frameworks/Python.framework/Versions/3.10/lib/python3.10/bisect.py
# code object from '/opt/homebrew/Cellar/python@3.10/3.10.16/Frameworks/Python.framework/Versions/3.10/lib/python3.10/__pycache__/bisect.cpython-310.pyc'
# extension module '_bisect' loaded from '/opt/homebrew/Cellar/python@3.10/3.10.16/Frameworks/Python.framework/Versions/3.10/lib/python3.10/lib-dynload/_bisect.cpython-310-darwin.so'
# extension module '_bisect' executed from '/opt/homebrew/Cellar/python@3.10/3.10.16/Frameworks/Python.framework/Versions/3.10/lib/python3.10/lib-dynload/_bisect.cpython-310-darwin.so'
import '_bisect' # <_frozen_importlib_external.ExtensionFileLoader object at 0x1047c1f00>
import 'bisect' # <_frozen_importlib_external.SourceFileLoader object at 0x1047c1d20>
# extension module '_random' loaded from '/opt/homebrew/Cellar/python@3.10/3.10.16/Frameworks/Python.framework/Versions/3.10/lib/python3.10/lib-dynload/_random.cpython-310-darwin.so'
# extension module '_random' executed from '/opt/homebrew/Cellar/python@3.10/3.10.16/Frameworks/Python.framework/Versions/3.10/lib/python3.10/lib-dynload/_random.cpython-310-darwin.so'
import '_random' # <_frozen_importlib_external.ExtensionFileLoader object at 0x1047c1ed0>
# extension module '_sha512' loaded from '/opt/homebrew/Cellar/python@3.10/3.10.16/Frameworks/Python.framework/Versions/3.10/lib/python3.10/lib-dynload/_sha512.cpython-310-darwin.so'
# extension module '_sha512' executed from '/opt/homebrew/Cellar/python@3.10/3.10.16/Frameworks/Python.framework/Versions/3.10/lib/python3.10/lib-dynload/_sha512.cpython-310-darwin.so'
import '_sha512' # <_frozen_importlib_external.ExtensionFileLoader object at 0x1047c1f60>
import 'random' # <_frozen_importlib_external.SourceFileLoader object at 0x1047c1090>
# /opt/homebrew/Cellar/python@3.10/3.10.16/Frameworks/Python.framework/Versions/3.10/lib/python3.10/__pycache__/socket.cpython-310.pyc matches /opt/homebrew/Cellar/python@3.10/3.10.16/Frameworks/Python.framework/Versions/3.10/lib/python3.10/socket.py
# code object from '/opt/homebrew/Cellar/python@3.10/3.10.16/Frameworks/Python.framework/Versions/3.10/lib/python3.10/__pycache__/socket.cpython-310.pyc'
# extension module '_socket' loaded from '/opt/homebrew/Cellar/python@3.10/3.10.16/Frameworks/Python.framework/Versions/3.10/lib/python3.10/lib-dynload/_socket.cpython-310-darwin.so'
# extension module '_socket' executed from '/opt/homebrew/Cellar/python@3.10/3.10.16/Frameworks/Python.framework/Versions/3.10/lib/python3.10/lib-dynload/_socket.cpython-310-darwin.so'
import '_socket' # <_frozen_importlib_external.ExtensionFileLoader object at 0x1047c2b30>
# /opt/homebrew/Cellar/python@3.10/3.10.16/Frameworks/Python.framework/Versions/3.10/lib/python3.10/__pycache__/selectors.cpython-310.pyc matches /opt/homebrew/Cellar/python@3.10/3.10.16/Frameworks/Python.framework/Versions/3.10/lib/python3.10/selectors.py
# code object from '/opt/homebrew/Cellar/python@3.10/3.10.16/Frameworks/Python.framework/Versions/3.10/lib/python3.10/__pycache__/selectors.cpython-310.pyc'
# extension module 'select' loaded from '/opt/homebrew/Cellar/python@3.10/3.10.16/Frameworks/Python.framework/Versions/3.10/lib/python3.10/lib-dynload/select.cpython-310-darwin.so'
# extension module 'select' executed from '/opt/homebrew/Cellar/python@3.10/3.10.16/Frameworks/Python.framework/Versions/3.10/lib/python3.10/lib-dynload/select.cpython-310-darwin.so'
import 'select' # <_frozen_importlib_external.ExtensionFileLoader object at 0x1047c36a0>
import 'selectors' # <_frozen_importlib_external.SourceFileLoader object at 0x1047c2c80>
# extension module 'array' loaded from '/opt/homebrew/Cellar/python@3.10/3.10.16/Frameworks/Python.framework/Versions/3.10/lib/python3.10/lib-dynload/array.cpython-310-darwin.so'
# extension module 'array' executed from '/opt/homebrew/Cellar/python@3.10/3.10.16/Frameworks/Python.framework/Versions/3.10/lib/python3.10/lib-dynload/array.cpython-310-darwin.so'
import 'array' # <_frozen_importlib_external.ExtensionFileLoader object at 0x104808700>
import 'socket' # <_frozen_importlib_external.SourceFileLoader object at 0x1047c20b0>
# /opt/homebrew/Cellar/python@3.10/3.10.16/Frameworks/Python.framework/Versions/3.10/lib/python3.10/__pycache__/datetime.cpython-310.pyc matches /opt/homebrew/Cellar/python@3.10/3.10.16/Frameworks/Python.framework/Versions/3.10/lib/python3.10/datetime.py
# code object from '/opt/homebrew/Cellar/python@3.10/3.10.16/Frameworks/Python.framework/Versions/3.10/lib/python3.10/__pycache__/datetime.cpython-310.pyc'
# extension module '_datetime' loaded from '/opt/homebrew/Cellar/python@3.10/3.10.16/Frameworks/Python.framework/Versions/3.10/lib/python3.10/lib-dynload/_datetime.cpython-310-darwin.so'
# extension module '_datetime' executed from '/opt/homebrew/Cellar/python@3.10/3.10.16/Frameworks/Python.framework/Versions/3.10/lib/python3.10/lib-dynload/_datetime.cpython-310-darwin.so'
import '_datetime' # <_frozen_importlib_external.ExtensionFileLoader object at 0x10480ab30>
import 'datetime' # <_frozen_importlib_external.SourceFileLoader object at 0x1047c25c0>
# /opt/homebrew/Cellar/python@3.10/3.10.16/Frameworks/Python.framework/Versions/3.10/lib/python3.10/email/__pycache__/_parseaddr.cpython-310.pyc matches /opt/homebrew/Cellar/python@3.10/3.10.16/Frameworks/Python.framework/Versions/3.10/lib/python3.10/email/_parseaddr.py
# code object from '/opt/homebrew/Cellar/python@3.10/3.10.16/Frameworks/Python.framework/Versions/3.10/lib/python3.10/email/__pycache__/_parseaddr.cpython-310.pyc'
# /opt/homebrew/Cellar/python@3.10/3.10.16/Frameworks/Python.framework/Versions/3.10/lib/python3.10/__pycache__/calendar.cpython-310.pyc matches /opt/homebrew/Cellar/python@3.10/3.10.16/Frameworks/Python.framework/Versions/3.10/lib/python3.10/calendar.py
# code object from '/opt/homebrew/Cellar/python@3.10/3.10.16/Frameworks/Python.framework/Versions/3.10/lib/python3.10/__pycache__/calendar.cpython-310.pyc'
# /opt/homebrew/Cellar/python@3.10/3.10.16/Frameworks/Python.framework/Versions/3.10/lib/python3.10/__pycache__/locale.cpython-310.pyc matches /opt/homebrew/Cellar/python@3.10/3.10.16/Frameworks/Python.framework/Versions/3.10/lib/python3.10/locale.py
# code object from '/opt/homebrew/Cellar/python@3.10/3.10.16/Frameworks/Python.framework/Versions/3.10/lib/python3.10/__pycache__/locale.cpython-310.pyc'
import 'locale' # <_frozen_importlib_external.SourceFileLoader object at 0x104850400>
import 'calendar' # <_frozen_importlib_external.SourceFileLoader object at 0x10480b0d0>
import 'email._parseaddr' # <_frozen_importlib_external.SourceFileLoader object at 0x1048086a0>
# /opt/homebrew/Cellar/python@3.10/3.10.16/Frameworks/Python.framework/Versions/3.10/lib/python3.10/email/__pycache__/charset.cpython-310.pyc matches /opt/homebrew/Cellar/python@3.10/3.10.16/Frameworks/Python.framework/Versions/3.10/lib/python3.10/email/charset.py
# code object from '/opt/homebrew/Cellar/python@3.10/3.10.16/Frameworks/Python.framework/Versions/3.10/lib/python3.10/email/__pycache__/charset.cpython-310.pyc'
# /opt/homebrew/Cellar/python@3.10/3.10.16/Frameworks/Python.framework/Versions/3.10/lib/python3.10/email/__pycache__/base64mime.cpython-310.pyc matches /opt/homebrew/Cellar/python@3.10/3.10.16/Frameworks/Python.framework/Versions/3.10/lib/python3.10/email/base64mime.py
# code object from '/opt/homebrew/Cellar/python@3.10/3.10.16/Frameworks/Python.framework/Versions/3.10/lib/python3.10/email/__pycache__/base64mime.cpython-310.pyc'
# /opt/homebrew/Cellar/python@3.10/3.10.16/Frameworks/Python.framework/Versions/3.10/lib/python3.10/__pycache__/base64.cpython-310.pyc matches /opt/homebrew/Cellar/python@3.10/3.10.16/Frameworks/Python.framework/Versions/3.10/lib/python3.10/base64.py
# code object from '/opt/homebrew/Cellar/python@3.10/3.10.16/Frameworks/Python.framework/Versions/3.10/lib/python3.10/__pycache__/base64.cpython-310.pyc'
# /opt/homebrew/Cellar/python@3.10/3.10.16/Frameworks/Python.framework/Versions/3.10/lib/python3.10/__pycache__/struct.cpython-310.pyc matches /opt/homebrew/Cellar/python@3.10/3.10.16/Frameworks/Python.framework/Versions/3.10/lib/python3.10/struct.py
# code object from '/opt/homebrew/Cellar/python@3.10/3.10.16/Frameworks/Python.framework/Versions/3.10/lib/python3.10/__pycache__/struct.cpython-310.pyc'
# extension module '_struct' loaded from '/opt/homebrew/Cellar/python@3.10/3.10.16/Frameworks/Python.framework/Versions/3.10/lib/python3.10/lib-dynload/_struct.cpython-310-darwin.so'
# extension module '_struct' executed from '/opt/homebrew/Cellar/python@3.10/3.10.16/Frameworks/Python.framework/Versions/3.10/lib/python3.10/lib-dynload/_struct.cpython-310-darwin.so'
import '_struct' # <_frozen_importlib_external.ExtensionFileLoader object at 0x104852500>
import 'struct' # <_frozen_importlib_external.SourceFileLoader object at 0x1048522f0>
import 'base64' # <_frozen_importlib_external.SourceFileLoader object at 0x104851630>
import 'email.base64mime' # <_frozen_importlib_external.SourceFileLoader object at 0x104851390>
# /opt/homebrew/Cellar/python@3.10/3.10.16/Frameworks/Python.framework/Versions/3.10/lib/python3.10/email/__pycache__/quoprimime.cpython-310.pyc matches /opt/homebrew/Cellar/python@3.10/3.10.16/Frameworks/Python.framework/Versions/3.10/lib/python3.10/email/quoprimime.py
# code object from '/opt/homebrew/Cellar/python@3.10/3.10.16/Frameworks/Python.framework/Versions/3.10/lib/python3.10/email/__pycache__/quoprimime.cpython-310.pyc'
import 'email.quoprimime' # <_frozen_importlib_external.SourceFileLoader object at 0x104852230>
# /opt/homebrew/Cellar/python@3.10/3.10.16/Frameworks/Python.framework/Versions/3.10/lib/python3.10/email/__pycache__/errors.cpython-310.pyc matches /opt/homebrew/Cellar/python@3.10/3.10.16/Frameworks/Python.framework/Versions/3.10/lib/python3.10/email/errors.py
# code object from '/opt/homebrew/Cellar/python@3.10/3.10.16/Frameworks/Python.framework/Versions/3.10/lib/python3.10/email/__pycache__/errors.cpython-310.pyc'
import 'email.errors' # <_frozen_importlib_external.SourceFileLoader object at 0x104852800>
# /opt/homebrew/Cellar/python@3.10/3.10.16/Frameworks/Python.framework/Versions/3.10/lib/python3.10/email/__pycache__/encoders.cpython-310.pyc matches /opt/homebrew/Cellar/python@3.10/3.10.16/Frameworks/Python.framework/Versions/3.10/lib/python3.10/email/encoders.py
# code object from '/opt/homebrew/Cellar/python@3.10/3.10.16/Frameworks/Python.framework/Versions/3.10/lib/python3.10/email/__pycache__/encoders.cpython-310.pyc'
import 'email.encoders' # <_frozen_importlib_external.SourceFileLoader object at 0x1048531f0>
import 'email.charset' # <_frozen_importlib_external.SourceFileLoader object at 0x10480bfd0>
import 'email.utils' # <_frozen_importlib_external.SourceFileLoader object at 0x1047c0ac0>
# /opt/homebrew/Cellar/python@3.10/3.10.16/Frameworks/Python.framework/Versions/3.10/lib/python3.10/email/__pycache__/_policybase.cpython-310.pyc matches /opt/homebrew/Cellar/python@3.10/3.10.16/Frameworks/Python.framework/Versions/3.10/lib/python3.10/email/_policybase.py
# code object from '/opt/homebrew/Cellar/python@3.10/3.10.16/Frameworks/Python.framework/Versions/3.10/lib/python3.10/email/__pycache__/_policybase.cpython-310.pyc'
# /opt/homebrew/Cellar/python@3.10/3.10.16/Frameworks/Python.framework/Versions/3.10/lib/python3.10/email/__pycache__/header.cpython-310.pyc matches /opt/homebrew/Cellar/python@3.10/3.10.16/Frameworks/Python.framework/Versions/3.10/lib/python3.10/email/header.py
# code object from '/opt/homebrew/Cellar/python@3.10/3.10.16/Frameworks/Python.framework/Versions/3.10/lib/python3.10/email/__pycache__/header.cpython-310.pyc'
import 'email.header' # <_frozen_importlib_external.SourceFileLoader object at 0x104853b50>
import 'email._policybase' # <_frozen_importlib_external.SourceFileLoader object at 0x104851210>
# /opt/homebrew/Cellar/python@3.10/3.10.16/Frameworks/Python.framework/Versions/3.10/lib/python3.10/email/__pycache__/_encoded_words.cpython-310.pyc matches /opt/homebrew/Cellar/python@3.10/3.10.16/Frameworks/Python.framework/Versions/3.10/lib/python3.10/email/_encoded_words.py
# code object from '/opt/homebrew/Cellar/python@3.10/3.10.16/Frameworks/Python.framework/Versions/3.10/lib/python3.10/email/__pycache__/_encoded_words.cpython-310.pyc'
import 'email._encoded_words' # <_frozen_importlib_external.SourceFileLoader object at 0x104898370>
# /opt/homebrew/Cellar/python@3.10/3.10.16/Frameworks/Python.framework/Versions/3.10/lib/python3.10/email/__pycache__/iterators.cpython-310.pyc matches /opt/homebrew/Cellar/python@3.10/3.10.16/Frameworks/Python.framework/Versions/3.10/lib/python3.10/email/iterators.py
# code object from '/opt/homebrew/Cellar/python@3.10/3.10.16/Frameworks/Python.framework/Versions/3.10/lib/python3.10/email/__pycache__/iterators.cpython-310.pyc'
import 'email.iterators' # <_frozen_importlib_external.SourceFileLoader object at 0x104898700>
import 'email.message' # <_frozen_importlib_external.SourceFileLoader object at 0x104782d40>
# /opt/homebrew/Cellar/python@3.10/3.10.16/Frameworks/Python.framework/Versions/3.10/lib/python3.10/__pycache__/inspect.cpython-310.pyc matches /opt/homebrew/Cellar/python@3.10/3.10.16/Frameworks/Python.framework/Versions/3.10/lib/python3.10/inspect.py
# code object from '/opt/homebrew/Cellar/python@3.10/3.10.16/Frameworks/Python.framework/Versions/3.10/lib/python3.10/__pycache__/inspect.cpython-310.pyc'
# /opt/homebrew/Cellar/python@3.10/3.10.16/Frameworks/Python.framework/Versions/3.10/lib/python3.10/__pycache__/ast.cpython-310.pyc matches /opt/homebrew/Cellar/python@3.10/3.10.16/Frameworks/Python.framework/Versions/3.10/lib/python3.10/ast.py
# code object from '/opt/homebrew/Cellar/python@3.10/3.10.16/Frameworks/Python.framework/Versions/3.10/lib/python3.10/__pycache__/ast.cpython-310.pyc'
import '_ast' # <class '_frozen_importlib.BuiltinImporter'>
import 'ast' # <_frozen_importlib_external.SourceFileLoader object at 0x10489ac80>
# /opt/homebrew/Cellar/python@3.10/3.10.16/Frameworks/Python.framework/Versions/3.10/lib/python3.10/__pycache__/dis.cpython-310.pyc matches /opt/homebrew/Cellar/python@3.10/3.10.16/Frameworks/Python.framework/Versions/3.10/lib/python3.10/dis.py
# code object from '/opt/homebrew/Cellar/python@3.10/3.10.16/Frameworks/Python.framework/Versions/3.10/lib/python3.10/__pycache__/dis.cpython-310.pyc'
# /opt/homebrew/Cellar/python@3.10/3.10.16/Frameworks/Python.framework/Versions/3.10/lib/python3.10/__pycache__/opcode.cpython-310.pyc matches /opt/homebrew/Cellar/python@3.10/3.10.16/Frameworks/Python.framework/Versions/3.10/lib/python3.10/opcode.py
# code object from '/opt/homebrew/Cellar/python@3.10/3.10.16/Frameworks/Python.framework/Versions/3.10/lib/python3.10/__pycache__/opcode.cpython-310.pyc'
# extension module '_opcode' loaded from '/opt/homebrew/Cellar/python@3.10/3.10.16/Frameworks/Python.framework/Versions/3.10/lib/python3.10/lib-dynload/_opcode.cpython-310-darwin.so'
# extension module '_opcode' executed from '/opt/homebrew/Cellar/python@3.10/3.10.16/Frameworks/Python.framework/Versions/3.10/lib/python3.10/lib-dynload/_opcode.cpython-310-darwin.so'
import '_opcode' # <_frozen_importlib_external.ExtensionFileLoader object at 0x10947fdf0>
import 'opcode' # <_frozen_importlib_external.SourceFileLoader object at 0x10947fb80>
import 'dis' # <_frozen_importlib_external.SourceFileLoader object at 0x10489b430>
import 'inspect' # <_frozen_importlib_external.SourceFileLoader object at 0x1048989d0>
# /opt/homebrew/Cellar/python@3.10/3.10.16/Frameworks/Python.framework/Versions/3.10/lib/python3.10/json/__pycache__/__init__.cpython-310.pyc matches /opt/homebrew/Cellar/python@3.10/3.10.16/Frameworks/Python.framework/Versions/3.10/lib/python3.10/json/__init__.py
# code object from '/opt/homebrew/Cellar/python@3.10/3.10.16/Frameworks/Python.framework/Versions/3.10/lib/python3.10/json/__pycache__/__init__.cpython-310.pyc'
# /opt/homebrew/Cellar/python@3.10/3.10.16/Frameworks/Python.framework/Versions/3.10/lib/python3.10/json/__pycache__/decoder.cpython-310.pyc matches /opt/homebrew/Cellar/python@3.10/3.10.16/Frameworks/Python.framework/Versions/3.10/lib/python3.10/json/decoder.py
# code object from '/opt/homebrew/Cellar/python@3.10/3.10.16/Frameworks/Python.framework/Versions/3.10/lib/python3.10/json/__pycache__/decoder.cpython-310.pyc'
# /opt/homebrew/Cellar/python@3.10/3.10.16/Frameworks/Python.framework/Versions/3.10/lib/python3.10/json/__pycache__/scanner.cpython-310.pyc matches /opt/homebrew/Cellar/python@3.10/3.10.16/Frameworks/Python.framework/Versions/3.10/lib/python3.10/json/scanner.py
# code object from '/opt/homebrew/Cellar/python@3.10/3.10.16/Frameworks/Python.framework/Versions/3.10/lib/python3.10/json/__pycache__/scanner.cpython-310.pyc'
# extension module '_json' loaded from '/opt/homebrew/Cellar/python@3.10/3.10.16/Frameworks/Python.framework/Versions/3.10/lib/python3.10/lib-dynload/_json.cpython-310-darwin.so'
# extension module '_json' executed from '/opt/homebrew/Cellar/python@3.10/3.10.16/Frameworks/Python.framework/Versions/3.10/lib/python3.10/lib-dynload/_json.cpython-310-darwin.so'
import '_json' # <_frozen_importlib_external.ExtensionFileLoader object at 0x1094c9990>
import 'json.scanner' # <_frozen_importlib_external.SourceFileLoader object at 0x1094ca3b0>
import 'json.decoder' # <_frozen_importlib_external.SourceFileLoader object at 0x1094ca830>
# /opt/homebrew/Cellar/python@3.10/3.10.16/Frameworks/Python.framework/Versions/3.10/lib/python3.10/json/__pycache__/encoder.cpython-310.pyc matches /opt/homebrew/Cellar/python@3.10/3.10.16/Frameworks/Python.framework/Versions/3.10/lib/python3.10/json/encoder.py
# code object from '/opt/homebrew/Cellar/python@3.10/3.10.16/Frameworks/Python.framework/Versions/3.10/lib/python3.10/json/__pycache__/encoder.cpython-310.pyc'
import 'json.encoder' # <_frozen_importlib_external.SourceFileLoader object at 0x1094ca560>
import 'json' # <_frozen_importlib_external.SourceFileLoader object at 0x10489a200>
# /Users/laiminhan/Desktop/FYP/AIDE/aide_env/lib/python3.10/site-packages/anyio/__pycache__/__init__.cpython-310.pyc matches /Users/laiminhan/Desktop/FYP/AIDE/aide_env/lib/python3.10/site-packages/anyio/__init__.py
# code object from '/Users/laiminhan/Desktop/FYP/AIDE/aide_env/lib/python3.10/site-packages/anyio/__pycache__/__init__.cpython-310.pyc'
# /Users/laiminhan/Desktop/FYP/AIDE/aide_env/lib/python3.10/site-packages/anyio/_core/__pycache__/__init__.cpython-310.pyc matches /Users/laiminhan/Desktop/FYP/AIDE/aide_env/lib/python3.10/site-packages/anyio/_core/__init__.py
# code object from '/Users/laiminhan/Desktop/FYP/AIDE/aide_env/lib/python3.10/site-packages/anyio/_core/__pycache__/__init__.cpython-310.pyc'
import 'anyio._core' # <_frozen_importlib_external.SourceFileLoader object at 0x1094cbe50>
# /Users/laiminhan/Desktop/FYP/AIDE/aide_env/lib/python3.10/site-packages/anyio/_core/__pycache__/_contextmanagers.cpython-310.pyc matches /Users/laiminhan/Desktop/FYP/AIDE/aide_env/lib/python3.10/site-packages/anyio/_core/_contextmanagers.py
# code object from '/Users/laiminhan/Desktop/FYP/AIDE/aide_env/lib/python3.10/site-packages/anyio/_core/__pycache__/_contextmanagers.cpython-310.pyc'
import 'anyio._core._contextmanagers' # <_frozen_importlib_external.SourceFileLoader object at 0x1094cbeb0>
# /Users/laiminhan/Desktop/FYP/AIDE/aide_env/lib/python3.10/site-packages/anyio/_core/__pycache__/_eventloop.cpython-310.pyc matches /Users/laiminhan/Desktop/FYP/AIDE/aide_env/lib/python3.10/site-packages/anyio/_core/_eventloop.py
# code object from '/Users/laiminhan/Desktop/FYP/AIDE/aide_env/lib/python3.10/site-packages/anyio/_core/__pycache__/_eventloop.cpython-310.pyc'
# /opt/homebrew/Cellar/python@3.10/3.10.16/Frameworks/Python.framework/Versions/3.10/lib/python3.10/__pycache__/contextvars.cpython-310.pyc matches /opt/homebrew/Cellar/python@3.10/3.10.16/Frameworks/Python.framework/Versions/3.10/lib/python3.10/contextvars.py
# code object from '/opt/homebrew/Cellar/python@3.10/3.10.16/Frameworks/Python.framework/Versions/3.10/lib/python3.10/__pycache__/contextvars.cpython-310.pyc'
# extension module '_contextvars' loaded from '/opt/homebrew/Cellar/python@3.10/3.10.16/Frameworks/Python.framework/Versions/3.10/lib/python3.10/lib-dynload/_contextvars.cpython-310-darwin.so'
# extension module '_contextvars' executed from '/opt/homebrew/Cellar/python@3.10/3.10.16/Frameworks/Python.framework/Versions/3.10/lib/python3.10/lib-dynload/_contextvars.cpython-310-darwin.so'
import '_contextvars' # <_frozen_importlib_external.ExtensionFileLoader object at 0x1094f0bb0>
import 'contextvars' # <_frozen_importlib_external.SourceFileLoader object at 0x1094f0a30>
# /Users/laiminhan/Desktop/FYP/AIDE/aide_env/lib/python3.10/site-packages/anyio/_core/__pycache__/_exceptions.cpython-310.pyc matches /Users/laiminhan/Desktop/FYP/AIDE/aide_env/lib/python3.10/site-packages/anyio/_core/_exceptions.py
# code object from '/Users/laiminhan/Desktop/FYP/AIDE/aide_env/lib/python3.10/site-packages/anyio/_core/__pycache__/_exceptions.cpython-310.pyc'
# /opt/homebrew/Cellar/python@3.10/3.10.16/Frameworks/Python.framework/Versions/3.10/lib/python3.10/__pycache__/textwrap.cpython-310.pyc matches /opt/homebrew/Cellar/python@3.10/3.10.16/Frameworks/Python.framework/Versions/3.10/lib/python3.10/textwrap.py
# code object from '/opt/homebrew/Cellar/python@3.10/3.10.16/Frameworks/Python.framework/Versions/3.10/lib/python3.10/__pycache__/textwrap.cpython-310.pyc'
import 'textwrap' # <_frozen_importlib_external.SourceFileLoader object at 0x1094f1000>
